<?xml version="1.0" encoding="UTF-8"?>
<TestRun id="2cd69242-e939-4ad5-a78a-e565be233c1a" name="Alex@SKYCATCHER 2014-02-10 18:10:43" runUser="SKYCATCHER\Alex" xmlns="http://microsoft.com/schemas/VisualStudio/TeamTest/2010">
  <TestSettings name="Local" id="faea4a58-e220-4557-b2e7-379fd729656b">
    <Description>These are default test settings for a local test run.</Description>
    <Deployment enabled="false" runDeploymentRoot="Alex_SKYCATCHER 2014-02-10 18_10_43" />
    <Execution>
      <TestTypeSpecific />
      <AgentRule name="Execution Agents">
      </AgentRule>
    </Execution>
  </TestSettings>
  <Times creation="2014-02-10T18:10:43.1217395+10:00" queuing="2014-02-10T18:10:45.8688966+10:00" start="2014-02-10T18:10:46.0099047+10:00" finish="2014-02-10T18:10:53.2113166+10:00" />
  <ResultSummary outcome="Error">
    <Counters total="1" error="0" failed="0" timeout="0" aborted="0" inconclusive="0" passedButRunAborted="0" notRunnable="0" notExecuted="1" disconnected="0" warning="0" passed="0" completed="0" inProgress="0" pending="0" />
    <RunInfos>
      <RunInfo computerName="SKYCATCHER" outcome="Error" timestamp="2014-02-10T18:10:53.2103165+10:00">
        <Text>Test host process exited unexpectedly.</Text>
      </RunInfo>
    </RunInfos>
  </ResultSummary>
  <TestDefinitions>
    <UnitTest name="TestMethod1" storage="l:\repos\slacker\slackertest\slackertest\bin\debug\slackertest.dll" id="70d25da6-e015-14d8-20bd-2af15a0e316b">
      <Execution id="8c70ca7d-83b7-47b8-b066-5fb581dbdcc8" />
      <TestMethod codeBase="L:/Repos/Slacker/SlackerTest/SlackerTest/bin/Debug/SlackerTest.DLL" adapterTypeName="Microsoft.VisualStudio.TestTools.TestTypes.Unit.UnitTestAdapter, Microsoft.VisualStudio.QualityTools.Tips.UnitTest.Adapter, Version=10.0.0.0, Culture=neutral, PublicKeyToken=b03f5f7f11d50a3a" className="SlackerTest.UnitTest1, SlackerTest, Version=1.0.0.0, Culture=neutral, PublicKeyToken=null" name="TestMethod1" />
    </UnitTest>
  </TestDefinitions>
  <TestLists>
    <TestList name="Results Not in a List" id="8c84fa94-04c1-424b-9868-57a2d4851a1d" />
    <TestList name="All Loaded Results" id="19431567-8539-422a-85d7-44ee4e166bda" />
  </TestLists>
  <TestEntries>
    <TestEntry testId="70d25da6-e015-14d8-20bd-2af15a0e316b" executionId="8c70ca7d-83b7-47b8-b066-5fb581dbdcc8" testListId="8c84fa94-04c1-424b-9868-57a2d4851a1d" />
  </TestEntries>
  <Results>
    <UnitTestResult executionId="8c70ca7d-83b7-47b8-b066-5fb581dbdcc8" testId="70d25da6-e015-14d8-20bd-2af15a0e316b" testName="TestMethod1" computerName="SKYCATCHER" testType="13cdc9d9-ddb5-4fa4-a97d-d965ccfc6d4b" outcome="NotExecuted" testListId="8c84fa94-04c1-424b-9868-57a2d4851a1d" relativeResultsDirectory="8c70ca7d-83b7-47b8-b066-5fb581dbdcc8">
    </UnitTestResult>
  </Results>
</TestRun>