<?xml version="1.0" encoding="UTF-8"?>
<TestRun id="bcca6ded-18a8-4e6a-839e-df82d5175bb3" name="Alex@SKYCATCHER 2014-02-10 18:54:37" runUser="SKYCATCHER\Alex" xmlns="http://microsoft.com/schemas/VisualStudio/TeamTest/2010">
  <TestSettings name="Default Test Settings" id="de67ff2b-f24a-4005-807c-279d6c8ac69d">
    <Deployment userDeploymentRoot="L:\Repos\Slacker\Slacker\TestResults" useDefaultDeploymentRoot="false" runDeploymentRoot="Alex_SKYCATCHER 2014-02-10 18_54_37" />
    <Execution>
      <TestTypeSpecific />
      <AgentRule name="Execution Agents">
      </AgentRule>
    </Execution>
  </TestSettings>
  <Times creation="2014-02-10T18:54:37.3244073+10:00" queuing="2014-02-10T18:54:37.4834163+10:00" start="2014-02-10T18:54:37.5164182+10:00" finish="2014-02-10T18:54:37.8034347+10:00" />
  <ResultSummary outcome="Failed">
    <Counters total="1" executed="1" error="0" failed="1" timeout="0" aborted="0" inconclusive="0" passedButRunAborted="0" notRunnable="0" notExecuted="0" disconnected="0" warning="0" passed="0" completed="0" inProgress="0" pending="0" />
  </ResultSummary>
  <TestDefinitions>
    <UnitTest name="TestMethod1" storage="l:\repos\slacker\slackertest\slackertest\bin\debug\slackertest.dll" id="70d25da6-e015-14d8-20bd-2af15a0e316b">
      <Execution id="6441b1a3-c288-4ab8-831c-2d5363b05bd0" />
      <TestMethod codeBase="L:/Repos/Slacker/SlackerTest/SlackerTest/bin/Debug/SlackerTest.DLL" adapterTypeName="Microsoft.VisualStudio.TestTools.TestTypes.Unit.UnitTestAdapter, Microsoft.VisualStudio.QualityTools.Tips.UnitTest.Adapter, Version=10.0.0.0, Culture=neutral, PublicKeyToken=b03f5f7f11d50a3a" className="SlackerTest.UnitTest1, SlackerTest, Version=1.0.0.0, Culture=neutral, PublicKeyToken=null" name="TestMethod1" />
    </UnitTest>
  </TestDefinitions>
  <TestLists>
    <TestList name="Results Not in a List" id="8c84fa94-04c1-424b-9868-57a2d4851a1d" />
    <TestList name="All Loaded Results" id="19431567-8539-422a-85d7-44ee4e166bda" />
  </TestLists>
  <TestEntries>
    <TestEntry testId="70d25da6-e015-14d8-20bd-2af15a0e316b" executionId="6441b1a3-c288-4ab8-831c-2d5363b05bd0" testListId="8c84fa94-04c1-424b-9868-57a2d4851a1d" />
  </TestEntries>
  <Results>
    <UnitTestResult executionId="6441b1a3-c288-4ab8-831c-2d5363b05bd0" testId="70d25da6-e015-14d8-20bd-2af15a0e316b" testName="TestMethod1" computerName="SKYCATCHER" duration="00:00:00.0280570" startTime="2014-02-10T18:54:37.5524203+10:00" endTime="2014-02-10T18:54:37.7744330+10:00" testType="13cdc9d9-ddb5-4fa4-a97d-d965ccfc6d4b" outcome="Failed" testListId="8c84fa94-04c1-424b-9868-57a2d4851a1d" relativeResultsDirectory="6441b1a3-c288-4ab8-831c-2d5363b05bd0">
      <Output>
        <ErrorInfo>
          <Message>Assert.IsFalse failed. </Message>
          <StackTrace>   at SlackerTest.UnitTest1.TestMethod1() in L:\Repos\Slacker\SlackerTest\SlackerTest\UnitTest1.cs:line 15
</StackTrace>
        </ErrorInfo>
      </Output>
    </UnitTestResult>
  </Results>
</TestRun>