<?xml version="1.0" encoding="UTF-8"?>
<TestRun id="16d40710-39bf-4d6a-a51d-c17fce2271ef" name="Alex@SKYCATCHER 2014-02-10 19:07:33" runUser="SKYCATCHER\Alex" xmlns="http://microsoft.com/schemas/VisualStudio/TeamTest/2010">
  <TestSettings name="Default Test Settings" id="37dbc5bc-f5b8-40fe-8416-c09672fa39ee">
    <Deployment runDeploymentRoot="Alex_SKYCATCHER 2014-02-10 19_07_33">
      <DeploymentItem filename="L:\Repos\Slacker\Slacker\Slacker\bin\Debug\Slacker.exe" />
    </Deployment>
    <Execution>
      <TestTypeSpecific />
      <AgentRule name="Execution Agents">
      </AgentRule>
    </Execution>
  </TestSettings>
  <Times creation="2014-02-10T19:07:33.2867898+10:00" queuing="2014-02-10T19:07:33.3607940+10:00" start="2014-02-10T19:07:33.3647942+10:00" finish="2014-02-10T19:07:33.5198031+10:00" />
  <ResultSummary outcome="Failed">
    <Counters total="7" executed="7" passed="6" error="0" failed="1" timeout="0" aborted="0" inconclusive="0" passedButRunAborted="0" notRunnable="0" notExecuted="0" disconnected="0" warning="0" completed="0" inProgress="0" pending="0" />
  </ResultSummary>
  <TestDefinitions>
    <UnitTest name="testAcceptableHours" storage="l:\repos\slacker\slackertest\slackertest\bin\debug\slackertest.dll" id="3e687928-8abe-35b5-015e-de36195b5b0e">
      <Execution id="b4d6785c-aea7-43a2-8ed8-7c9c1a4d83eb" />
      <TestMethod codeBase="L:/Repos/Slacker/SlackerTest/SlackerTest/bin/Debug/SlackerTest.DLL" adapterTypeName="Microsoft.VisualStudio.TestTools.TestTypes.Unit.UnitTestAdapter, Microsoft.VisualStudio.QualityTools.Tips.UnitTest.Adapter, Version=10.0.0.0, Culture=neutral, PublicKeyToken=b03f5f7f11d50a3a" className="SlackerTest.TimeEntryTest, SlackerTest, Version=1.0.0.0, Culture=neutral, PublicKeyToken=null" name="testAcceptableHours" />
    </UnitTest>
    <UnitTest name="testHours" storage="l:\repos\slacker\slackertest\slackertest\bin\debug\slackertest.dll" id="29c3cfd3-8261-b794-e9ad-7e9a562ae4b5">
      <Execution id="3802d70d-682b-4367-bd39-e96139198298" />
      <TestMethod codeBase="L:/Repos/Slacker/SlackerTest/SlackerTest/bin/Debug/SlackerTest.DLL" adapterTypeName="Microsoft.VisualStudio.TestTools.TestTypes.Unit.UnitTestAdapter, Microsoft.VisualStudio.QualityTools.Tips.UnitTest.Adapter, Version=10.0.0.0, Culture=neutral, PublicKeyToken=b03f5f7f11d50a3a" className="SlackerTest.TimeEntryTest, SlackerTest, Version=1.0.0.0, Culture=neutral, PublicKeyToken=null" name="testHours" />
    </UnitTest>
    <UnitTest name="TestMethod1" storage="l:\repos\slacker\slackertest\slackertest\bin\debug\slackertest.dll" id="70d25da6-e015-14d8-20bd-2af15a0e316b">
      <Execution id="cede5a6f-f4f7-4b8a-bc51-e60937a204db" />
      <TestMethod codeBase="L:/Repos/Slacker/SlackerTest/SlackerTest/bin/Debug/SlackerTest.DLL" adapterTypeName="Microsoft.VisualStudio.TestTools.TestTypes.Unit.UnitTestAdapter, Microsoft.VisualStudio.QualityTools.Tips.UnitTest.Adapter, Version=10.0.0.0, Culture=neutral, PublicKeyToken=b03f5f7f11d50a3a" className="SlackerTest.UnitTest1, SlackerTest, Version=1.0.0.0, Culture=neutral, PublicKeyToken=null" name="TestMethod1" />
    </UnitTest>
    <UnitTest name="TimeEntryConstructorTest" storage="l:\repos\slacker\slackertest\slackertest\bin\debug\slackertest.dll" id="85e00895-cff5-7019-ac28-012a6dad24ff">
      <Execution id="cf2ac13b-3924-4e8c-919a-ca3b154491e6" />
      <TestMethod codeBase="L:/Repos/Slacker/SlackerTest/SlackerTest/bin/Debug/SlackerTest.DLL" adapterTypeName="Microsoft.VisualStudio.TestTools.TestTypes.Unit.UnitTestAdapter, Microsoft.VisualStudio.QualityTools.Tips.UnitTest.Adapter, Version=10.0.0.0, Culture=neutral, PublicKeyToken=b03f5f7f11d50a3a" className="SlackerTest.TimeEntryTest, SlackerTest, Version=1.0.0.0, Culture=neutral, PublicKeyToken=null" name="TimeEntryConstructorTest" />
    </UnitTest>
    <UnitTest name="testDescription" storage="l:\repos\slacker\slackertest\slackertest\bin\debug\slackertest.dll" id="d9065db3-2e5f-ea16-dd71-db848d77eae5">
      <Execution id="af2bda64-4938-40c2-80c5-8e76f6f3ff47" />
      <TestMethod codeBase="L:/Repos/Slacker/SlackerTest/SlackerTest/bin/Debug/SlackerTest.DLL" adapterTypeName="Microsoft.VisualStudio.TestTools.TestTypes.Unit.UnitTestAdapter, Microsoft.VisualStudio.QualityTools.Tips.UnitTest.Adapter, Version=10.0.0.0, Culture=neutral, PublicKeyToken=b03f5f7f11d50a3a" className="SlackerTest.TimeEntryTest, SlackerTest, Version=1.0.0.0, Culture=neutral, PublicKeyToken=null" name="testDescription" />
    </UnitTest>
    <UnitTest name="testDay" storage="l:\repos\slacker\slackertest\slackertest\bin\debug\slackertest.dll" id="17593d7e-332d-df4e-bc93-e33c1ebc4b56">
      <Execution id="dba0a55b-f27a-44eb-9518-7595cfa32403" />
      <TestMethod codeBase="L:/Repos/Slacker/SlackerTest/SlackerTest/bin/Debug/SlackerTest.DLL" adapterTypeName="Microsoft.VisualStudio.TestTools.TestTypes.Unit.UnitTestAdapter, Microsoft.VisualStudio.QualityTools.Tips.UnitTest.Adapter, Version=10.0.0.0, Culture=neutral, PublicKeyToken=b03f5f7f11d50a3a" className="SlackerTest.TimeEntryTest, SlackerTest, Version=1.0.0.0, Culture=neutral, PublicKeyToken=null" name="testDay" />
    </UnitTest>
    <UnitTest name="testJobId" storage="l:\repos\slacker\slackertest\slackertest\bin\debug\slackertest.dll" id="f0b5b255-f537-173e-4eda-0259f889f2c5">
      <Execution id="18ab4c1d-4d11-4075-bb3e-c56734f34855" />
      <TestMethod codeBase="L:/Repos/Slacker/SlackerTest/SlackerTest/bin/Debug/SlackerTest.DLL" adapterTypeName="Microsoft.VisualStudio.TestTools.TestTypes.Unit.UnitTestAdapter, Microsoft.VisualStudio.QualityTools.Tips.UnitTest.Adapter, Version=10.0.0.0, Culture=neutral, PublicKeyToken=b03f5f7f11d50a3a" className="SlackerTest.TimeEntryTest, SlackerTest, Version=1.0.0.0, Culture=neutral, PublicKeyToken=null" name="testJobId" />
    </UnitTest>
  </TestDefinitions>
  <TestLists>
    <TestList name="Results Not in a List" id="8c84fa94-04c1-424b-9868-57a2d4851a1d" />
    <TestList name="All Loaded Results" id="19431567-8539-422a-85d7-44ee4e166bda" />
  </TestLists>
  <TestEntries>
    <TestEntry testId="17593d7e-332d-df4e-bc93-e33c1ebc4b56" executionId="dba0a55b-f27a-44eb-9518-7595cfa32403" testListId="8c84fa94-04c1-424b-9868-57a2d4851a1d" />
    <TestEntry testId="29c3cfd3-8261-b794-e9ad-7e9a562ae4b5" executionId="3802d70d-682b-4367-bd39-e96139198298" testListId="8c84fa94-04c1-424b-9868-57a2d4851a1d" />
    <TestEntry testId="3e687928-8abe-35b5-015e-de36195b5b0e" executionId="b4d6785c-aea7-43a2-8ed8-7c9c1a4d83eb" testListId="8c84fa94-04c1-424b-9868-57a2d4851a1d" />
    <TestEntry testId="70d25da6-e015-14d8-20bd-2af15a0e316b" executionId="cede5a6f-f4f7-4b8a-bc51-e60937a204db" testListId="8c84fa94-04c1-424b-9868-57a2d4851a1d" />
    <TestEntry testId="85e00895-cff5-7019-ac28-012a6dad24ff" executionId="cf2ac13b-3924-4e8c-919a-ca3b154491e6" testListId="8c84fa94-04c1-424b-9868-57a2d4851a1d" />
    <TestEntry testId="d9065db3-2e5f-ea16-dd71-db848d77eae5" executionId="af2bda64-4938-40c2-80c5-8e76f6f3ff47" testListId="8c84fa94-04c1-424b-9868-57a2d4851a1d" />
    <TestEntry testId="f0b5b255-f537-173e-4eda-0259f889f2c5" executionId="18ab4c1d-4d11-4075-bb3e-c56734f34855" testListId="8c84fa94-04c1-424b-9868-57a2d4851a1d" />
  </TestEntries>
  <Results>
    <UnitTestResult executionId="dba0a55b-f27a-44eb-9518-7595cfa32403" testId="17593d7e-332d-df4e-bc93-e33c1ebc4b56" testName="testDay" computerName="SKYCATCHER" duration="00:00:00.0107957" startTime="2014-02-10T19:07:33.3667943+10:00" endTime="2014-02-10T19:07:33.4818009+10:00" testType="13cdc9d9-ddb5-4fa4-a97d-d965ccfc6d4b" outcome="Passed" testListId="8c84fa94-04c1-424b-9868-57a2d4851a1d" relativeResultsDirectory="dba0a55b-f27a-44eb-9518-7595cfa32403">
    </UnitTestResult>
    <UnitTestResult executionId="3802d70d-682b-4367-bd39-e96139198298" testId="29c3cfd3-8261-b794-e9ad-7e9a562ae4b5" testName="testHours" computerName="SKYCATCHER" duration="00:00:00.0002285" startTime="2014-02-10T19:07:33.4828010+10:00" endTime="2014-02-10T19:07:33.4838010+10:00" testType="13cdc9d9-ddb5-4fa4-a97d-d965ccfc6d4b" outcome="Passed" testListId="8c84fa94-04c1-424b-9868-57a2d4851a1d" relativeResultsDirectory="3802d70d-682b-4367-bd39-e96139198298">
    </UnitTestResult>
    <UnitTestResult executionId="b4d6785c-aea7-43a2-8ed8-7c9c1a4d83eb" testId="3e687928-8abe-35b5-015e-de36195b5b0e" testName="testAcceptableHours" computerName="SKYCATCHER" duration="00:00:00.0175970" startTime="2014-02-10T19:07:33.4848011+10:00" endTime="2014-02-10T19:07:33.5038022+10:00" testType="13cdc9d9-ddb5-4fa4-a97d-d965ccfc6d4b" outcome="Failed" testListId="8c84fa94-04c1-424b-9868-57a2d4851a1d" relativeResultsDirectory="b4d6785c-aea7-43a2-8ed8-7c9c1a4d83eb">
      <Output>
        <ErrorInfo>
          <Message>Assert.AreEqual failed. Expected:&lt;24.25&gt;. Actual:&lt;0&gt;. </Message>
          <StackTrace>   at SlackerTest.TimeEntryTest.testAcceptableHours() in L:\Repos\Slacker\SlackerTest\SlackerTest\TimeEntryTest.cs:line 148
</StackTrace>
        </ErrorInfo>
      </Output>
    </UnitTestResult>
    <UnitTestResult executionId="cede5a6f-f4f7-4b8a-bc51-e60937a204db" testId="70d25da6-e015-14d8-20bd-2af15a0e316b" testName="TestMethod1" computerName="SKYCATCHER" duration="00:00:00.0001174" startTime="2014-02-10T19:07:33.5038022+10:00" endTime="2014-02-10T19:07:33.5058023+10:00" testType="13cdc9d9-ddb5-4fa4-a97d-d965ccfc6d4b" outcome="Passed" testListId="8c84fa94-04c1-424b-9868-57a2d4851a1d" relativeResultsDirectory="cede5a6f-f4f7-4b8a-bc51-e60937a204db">
    </UnitTestResult>
    <UnitTestResult executionId="cf2ac13b-3924-4e8c-919a-ca3b154491e6" testId="85e00895-cff5-7019-ac28-012a6dad24ff" testName="TimeEntryConstructorTest" computerName="SKYCATCHER" duration="00:00:00.0002919" startTime="2014-02-10T19:07:33.5068023+10:00" endTime="2014-02-10T19:07:33.5078024+10:00" testType="13cdc9d9-ddb5-4fa4-a97d-d965ccfc6d4b" outcome="Passed" testListId="8c84fa94-04c1-424b-9868-57a2d4851a1d" relativeResultsDirectory="cf2ac13b-3924-4e8c-919a-ca3b154491e6">
    </UnitTestResult>
    <UnitTestResult executionId="af2bda64-4938-40c2-80c5-8e76f6f3ff47" testId="d9065db3-2e5f-ea16-dd71-db848d77eae5" testName="testDescription" computerName="SKYCATCHER" duration="00:00:00.0002044" startTime="2014-02-10T19:07:33.5078024+10:00" endTime="2014-02-10T19:07:33.5098025+10:00" testType="13cdc9d9-ddb5-4fa4-a97d-d965ccfc6d4b" outcome="Passed" testListId="8c84fa94-04c1-424b-9868-57a2d4851a1d" relativeResultsDirectory="af2bda64-4938-40c2-80c5-8e76f6f3ff47">
    </UnitTestResult>
    <UnitTestResult executionId="18ab4c1d-4d11-4075-bb3e-c56734f34855" testId="f0b5b255-f537-173e-4eda-0259f889f2c5" testName="testJobId" computerName="SKYCATCHER" duration="00:00:00.0001781" startTime="2014-02-10T19:07:33.5098025+10:00" endTime="2014-02-10T19:07:33.5118026+10:00" testType="13cdc9d9-ddb5-4fa4-a97d-d965ccfc6d4b" outcome="Passed" testListId="8c84fa94-04c1-424b-9868-57a2d4851a1d" relativeResultsDirectory="18ab4c1d-4d11-4075-bb3e-c56734f34855">
    </UnitTestResult>
  </Results>
</TestRun>